{"resultCode":0,"resultText":"OK","data":{"name":"@dictadata/storage-node","vesion":"2.2.3","time":"2022-04-27T04:26:18.555Z"}}