{
  "resultCode": 409,
  "resultText": "index exists"
}