{
  "resultCode": 0,
  "resultText": "OK",
  "data": [
    "foo_schema"
  ]
}
