{
  "resultCode": 0,
  "resultText": "OK",
  "data": {
    "fifty": "created"
  }
}
