{
  "status": 0,
  "message": "OK",
  "type": "construct",
  "data": {
    "Foo": "ten",
    "Bar": "Hamilton",
    "Baz": 10,
    "Fobe": 0.1,
    "Dt Test": "2020-10-07T00:00:00.000Z",
    "enabled": false
  }
}
