{
  "resultCode": 0,
  "resultText": "OK",
  "data": [
    {
      "Foo": "twenty",
      "Bar": "Jackson",
      "Baz": 20,
      "Fobe": 20.2,
      "Dt Test": "2020-10-07T08:00:00.000Z",
      "enabled": true
    }
  ]
}
