{
  "resultCode": 0,
  "resultText": "OK",
  "data": [
    "affectedRows"
  ]
}