{
  "resultCode": 0,
  "resultText": "OK",
  "data": {
    "rowCount": 2
  }
}
