{
  "status": 0,
  "message": "OK",
  "type": "list",
  "data": [
    "foo_schema_etl2",
    "foo_dbtransform",
    "foo_schema_etl",
    "foo_transfer",
    "foo_schema_x",
    "foo_widgets",
    "foo_schema",
    "foo_schema_01",
    "foo_load",
    "foo_schema_lg",
    "foo_schema_two"
  ]
}
