{
  "status": 0,
  "message": "OK",
  "type": "map",
  "data": {
    "stored": 1
  }
}
