{
  "status": 0,
  "message": "OK",
  "type": "map",
  "data": {
    "dullboy": {
      "userid": "dullboy",
      "roles": [
        "User"
      ],
      "dateCreated": "2022-12-20T18:35:55.812Z",
      "dateUpdated": "2022-12-20T18:43:24.932Z",
      "lastLogin": null,
      "profile": {
        "userName": "",
        "givenName": "",
        "middleName": "",
        "familyName": "",
        "email": "",
        "photoURL": "",
        "webURL": "",
        "links": [
          {
            "name": "",
            "webURL": ""
          }
        ]
      },
      "settings": {
        "prefix": "myapp",
        "homepage": "/home",
        "theme": "vue"
      }
    }
  }
}
