{
  "resultCode": 0,
  "resultMessage": "OK",
  "type": "message",
  "data": {
    "deleted": 1
  }
}
