{
  "resultCode": 0,
  "resultText": "OK",
  "data": [
    {
      "Foo": "ten",
      "Bar": "row",
      "Baz": 10,
      "Fobe": 10.1,
      "Dt Test": "2018-10-27T00:00:00.000Z",
      "enabled": true
    }
  ]
}