{
  "status": 0,
  "message": "OK",
  "type": "message",
  "data": {
    "foo:foo_transfer": "updated"
  }
}