{
  "resultCode": 0,
  "resultText": "OK",
  "data": {
    "twenty": {
      "Foo": "twenty",
      "Bar": "Jackson",
      "Baz": 20,
      "Fobe": 20.2,
      "Dt Test": "2020-10-07T13:00:00.000Z",
      "enabled": true
    }
  }
}
