{
  "resultCode": 0,
  "resultText": "OK",
  "data": [
    "CJtQZ4AB2mXSV3w5ILmY",
    "CZtQZ4AB2mXSV3w5Iblb"
  ]
}