{
  "status": 0,
  "message": "OK",
  "type": "list",
  "data": [
    {
      "name": "es_foo_schema",
      "type": "engram",
      "smt": {
        "model": "elasticsearch",
        "locus": "http://dev.dictadata.net:9200",
        "schema": "foo_schema",
        "key": "!Foo"
      },
      "fields": [],
      "realm": ""
    }
  ]
}
