{
  "status": 0,
  "message": "OK",
  "type": "list",
  "data": [
    {
      "realm": "foo",
      "name": "foo_alias",
      "type": "alias",
      "source": "foo:foo_schema"
    }
  ]
}
