{
  "status": 0,
  "message": "OK",
  "type": "list",
  "data": [
    {
      "name": "mysql_foo_schema",
      "type": "engram",
      "smt": {
        "model": "mysql",
        "locus": "host=dev.dictadata.net;database=storage_node",
        "schema": "foo_schema",
        "key": "=Foo"
      },
      "fields": [],
      "realm": ""
    }
  ]
}
