{
  "resultCode": 0,
  "resultText": "OK",
  "data": {
    "foo_alias": "updated"
  }
}