{
  "resultCode": 0,
  "resultText": "OK",
  "data": {
    "foo_schema_XYZ": {
      "name": "foo_schema_XYZ",
      "type": "engram",
      "title": "",
      "description": "",
      "tags": [],
      "smt": {
        "model": "*",
        "locus": "*",
        "schema": "foo_schema",
        "key": "*"
      },
      "fields": []
    }
  }
}