{
  "status": 0,
  "message": "OK",
  "type": "map",
  "data": {
    "dullboy": {
      "userid": "dullboy",
      "roles": [
        "User"
      ],
      "dateCreated": "2022-12-20T18:44:10.328Z",
      "dateUpdated": "2022-12-20T18:44:10.329Z",
      "lastLogin": "2022-12-20T18:44:10.328Z",
      "profile": {
        "userName": "",
        "givenName": "",
        "middleName": "",
        "familyName": "",
        "email": "",
        "photoURL": "",
        "webURL": "",
        "links": [
          {
            "name": "",
            "webURL": ""
          }
        ]
      },
      "settings": {
        "homePage": "",
        "theme": "",
        "darkMode": false
      }
    }
  }
}
