HTTP/1.1 204 No Content
access-control-allow-origin: http://localhost:3000
vary: Origin
access-control-allow-credentials: true
access-control-allow-methods: GET,PUT,POST,DELETE
access-control-allow-headers: Authorization,Content-Type
content-length: 0
date: Mon, 17 Feb 2025 15:26:08 GMT
connection: keep-alive
keep-alive: timeout=5
