{
  "resultCode": 0,
  "resultMessage": "OK",
  "type": "map",
  "data": {
    "dullboy": {
      "userid": "dullboy",
      "roles": [
        "Public",
        "User"
      ],
      "dateCreated": "2022-12-17T22:41:04.375Z",
      "dateUpdated": "2022-12-17T22:41:04.375Z",
      "lastLogin": "2022-12-17T22:41:04.375Z",
      "profile": {
        "provider": "",
        "id": "",
        "displayName": "",
        "name": {
          "familyName": "",
          "givenName": "",
          "middleName": ""
        },
        "emails": [
          {
            "value": "",
            "type": ""
          }
        ],
        "photos": [
          {
            "value": ""
          }
        ]
      },
      "settings": {
        "prefix": ""
      }
    }
  }
}