{
  "resultCode": 0,
  "resultMessage": "OK",
  "type": "map",
  "data": {
    "dullboy": {
      "userid": "dullboy",
      "roles": [
        "Public",
        "User"
      ],
      "dateCreated": "2022-12-17T22:02:57.104Z",
      "dateUpdated": "2022-12-17T22:09:28.927Z",
      "lastLogin": "2022-12-17T22:09:28.873Z",
      "profile": {
        "provider": "",
        "id": "",
        "displayName": "",
        "name": {
          "familyName": "",
          "givenName": "",
          "middleName": ""
        },
        "emails": [
          {
            "value": "",
            "type": ""
          }
        ],
        "photos": [
          {
            "value": ""
          }
        ]
      },
      "settings": {
        "prefix": "myapp",
        "homepage": "/home",
        "theme": "vue"
      }
    }
  }
}