{
  "status": 0,
  "message": "OK",
  "type": "message",
  "data": {
    "foo:foo_schema_XYZ": "deleted"
  }
}
