{
  "status": 0,
  "message": "OK",
  "type": "message",
  "data": {
    "foo:bar-iterate": "created"
  }
}