{
  "status": 0,
  "message": "OK",
  "type": "list",
  "data": [
    {
      "realm": "foo",
      "name": "foo_transfer_two",
      "type": "tract",
      "description": "JSON to JSON transfer tract.",
      "footnote": "tract definitions: 1",
      "tags": [
        "dictadata.net",
        "foo",
        "json"
      ],
      "actions": [
        {
          "name": "json-json",
          "action": "transfer",
          "description": "transfer foo from JSON to JSON",
          "origin": {
            "smt": "json|./data/input/|foofile_two.json|*"
          },
          "terminal": {
            "smt": "json|./data/output/tracts/|transfer_foofile_two.json|*"
          }
        }
      ]
    }
  ]
}
