{
  "resultCode": 0,
  "resultMessage": "OK",
  "type": "construct",
  "data": {
    "name": "@dictadata/storage-node",
    "version": "0.9.55",
    "time": "2022-12-05T08:18:02.062Z"
  }
}
