{
  "name": "@dictadata/storage-node",
  "version": "2.2.3",
  "time": "2022-04-26T19:19:03.095Z"
}
