{
  "resultCode": 409,
  "resultMessage": "table exists"
}
