[
  {
    "baz_sum": 579,
    "dt_min": "2018-10-07T00:00:00.000Z",
    "dt_max": "2018-10-07T00:00:00.000Z"
  }
]
