{
  "resultCode": 0,
  "resultMessage": "OK",
  "type": "map",
  "data": {
    "stored": 1
  }
}
